============================= test session starts =============================
platform win32 -- Python 3.13.5, pytest-9.0.2, pluggy-1.6.0 -- C:\Users\supri\AppData\Local\Programs\Python\Python313\python.exe
cachedir: .pytest_cache
rootdir: C:\Users\supri\Downloads\UNLOADIN
plugins: anyio-4.12.0
collecting ... collected 0 items / 5 errors

=================================== ERRORS ====================================
_____________ ERROR collecting backend/tests/unit/test_delete.py ______________
ImportError while importing test module 'C:\Users\supri\Downloads\UNLOADIN\backend\tests\unit\test_delete.py'.
Hint: make sure your test modules/packages have valid Python names.
Traceback:
..\..\AppData\Local\Programs\Python\Python313\Lib\importlib\__init__.py:88: in import_module
    return _bootstrap._gcd_import(name[level:], package, level)
           ^^^^^^^^^^^^^^^^^^^^^^^^^^^^^^^^^^^^^^^^^^^^^^^^^^^^
backend\tests\unit\test_delete.py:1: in <module>
    import boto3
E   ModuleNotFoundError: No module named 'boto3'
______ ERROR collecting backend/tests/unit/test_generate_download_url.py ______
ImportError while importing test module 'C:\Users\supri\Downloads\UNLOADIN\backend\tests\unit\test_generate_download_url.py'.
Hint: make sure your test modules/packages have valid Python names.
Traceback:
..\..\AppData\Local\Programs\Python\Python313\Lib\importlib\__init__.py:88: in import_module
    return _bootstrap._gcd_import(name[level:], package, level)
           ^^^^^^^^^^^^^^^^^^^^^^^^^^^^^^^^^^^^^^^^^^^^^^^^^^^^
backend\tests\unit\test_generate_download_url.py:1: in <module>
    import boto3
E   ModuleNotFoundError: No module named 'boto3'
_______ ERROR collecting backend/tests/unit/test_generate_upload_url.py _______
ImportError while importing test module 'C:\Users\supri\Downloads\UNLOADIN\backend\tests\unit\test_generate_upload_url.py'.
Hint: make sure your test modules/packages have valid Python names.
Traceback:
..\..\AppData\Local\Programs\Python\Python313\Lib\importlib\__init__.py:88: in import_module
    return _bootstrap._gcd_import(name[level:], package, level)
           ^^^^^^^^^^^^^^^^^^^^^^^^^^^^^^^^^^^^^^^^^^^^^^^^^^^^
backend\tests\unit\test_generate_upload_url.py:1: in <module>
    import boto3
E   ModuleNotFoundError: No module named 'boto3'
___________ ERROR collecting backend/tests/unit/test_list_images.py ___________
ImportError while importing test module 'C:\Users\supri\Downloads\UNLOADIN\backend\tests\unit\test_list_images.py'.
Hint: make sure your test modules/packages have valid Python names.
Traceback:
..\..\AppData\Local\Programs\Python\Python313\Lib\importlib\__init__.py:88: in import_module
    return _bootstrap._gcd_import(name[level:], package, level)
           ^^^^^^^^^^^^^^^^^^^^^^^^^^^^^^^^^^^^^^^^^^^^^^^^^^^^
backend\tests\unit\test_list_images.py:1: in <module>
    import boto3
E   ModuleNotFoundError: No module named 'boto3'
__________ ERROR collecting backend/tests/unit/test_save_metadata.py __________
ImportError while importing test module 'C:\Users\supri\Downloads\UNLOADIN\backend\tests\unit\test_save_metadata.py'.
Hint: make sure your test modules/packages have valid Python names.
Traceback:
..\..\AppData\Local\Programs\Python\Python313\Lib\importlib\__init__.py:88: in import_module
    return _bootstrap._gcd_import(name[level:], package, level)
           ^^^^^^^^^^^^^^^^^^^^^^^^^^^^^^^^^^^^^^^^^^^^^^^^^^^^
backend\tests\unit\test_save_metadata.py:1: in <module>
    import boto3
E   ModuleNotFoundError: No module named 'boto3'
=========================== short test summary info ===========================
ERROR backend/tests/unit/test_delete.py
ERROR backend/tests/unit/test_generate_download_url.py
ERROR backend/tests/unit/test_generate_upload_url.py
ERROR backend/tests/unit/test_list_images.py
ERROR backend/tests/unit/test_save_metadata.py
!!!!!!!!!!!!!!!!!!! Interrupted: 5 errors during collection !!!!!!!!!!!!!!!!!!!
============================== 5 errors in 0.47s ==============================
